
> ai-mental-health-chatbot-backend@1.0.0 dev
> nodemon server.js

[33m[nodemon] 3.1.14[39m
[33m[nodemon] to restart at any time, enter `rs`[39m
[33m[nodemon] watching path(s): *.*[39m
[33m[nodemon] watching extensions: js,mjs,cjs,json[39m
[32m[nodemon] starting `node server.js`[39m
MongoDB connected
Backend server running on http://localhost:5000
[0mGET /api/mode/3b82c585-cb05-4c74-9bc8-2c77028e84e8 [31m500[0m 150.519 ms - 157[0m
[0mGET /api/chat/05440efc-84b2-4833-9e56-43972794d292 [32m200[0m 192.177 ms - 116[0m
[0mGET /api/chat/3b82c585-cb05-4c74-9bc8-2c77028e84e8 [32m200[0m 174.079 ms - 116[0m
[0mGET /api/mode/3b82c585-cb05-4c74-9bc8-2c77028e84e8 [32m200[0m 32.216 ms - 256[0m
[0mGET /api/chat/05440efc-84b2-4833-9e56-43972794d292 [36m304[0m 63.345 ms - -[0m
[0mGET /api/mode/05440efc-84b2-4833-9e56-43972794d292 [32m200[0m 271.615 ms - 256[0m
[0mGET /api/mode/05440efc-84b2-4833-9e56-43972794d292 [36m304[0m 28.063 ms - -[0m
[0mGET /api/chat/3b82c585-cb05-4c74-9bc8-2c77028e84e8 [36m304[0m 278.976 ms - -[0m
[0mPOST /api/chat [32m200[0m 460.875 ms - 651[0m
[0mPOST /api/chat [32m200[0m 488.192 ms - 1365[0m
[0mPOST /api/chat [32m200[0m 971.963 ms - 3659[0m
[0mPOST /api/mode [32m200[0m 154.490 ms - 257[0m
[0mPOST /api/chat [32m200[0m 601.594 ms - 3462[0m
[0mGET /api/chat/242a5035-614e-4ed2-b3e4-45a5095876a9 [31m500[0m 81.439 ms - 157[0m
[0mGET /api/mode/242a5035-614e-4ed2-b3e4-45a5095876a9 [32m200[0m 111.001 ms - 256[0m
[0mGET /api/chat/242a5035-614e-4ed2-b3e4-45a5095876a9 [32m200[0m 30.283 ms - 116[0m
[0mGET /api/mode/242a5035-614e-4ed2-b3e4-45a5095876a9 [32m200[0m 25.605 ms - 256[0m
[0mPOST /api/chat [32m200[0m 411.245 ms - 806[0m
[0mPOST /api/mode [32m200[0m 307.389 ms - 257[0m
[0mPOST /api/mode [32m200[0m 611.397 ms - 257[0m
[0mPOST /api/chat [32m200[0m 739.859 ms - 1217[0m
[0mPOST /api/mode [32m200[0m 739.067 ms - 257[0m
[0mPOST /api/mode [32m200[0m 278.869 ms - 264[0m
